
> web@0.1.0 build
> next build

⚠ Warning: Next.js inferred your workspace root, but it may not be correct.
 We detected multiple lockfiles and selected the directory of D:\A3 resto\package-lock.json as the root directory.
 To silence this warning, set `turbopack.root` in your Next.js config, or consider removing one of the lockfiles if it's not needed.
   See https://nextjs.org/docs/app/api-reference/config/next-config-js/turbopack#root-directory for more information.
 Detected additional lockfiles: 
   * D:\A3 resto\a3-resto-saas\apps\web\package-lock.json

▲ Next.js 16.2.6 (Turbopack)

  Creating an optimized production build ...
✓ Compiled successfully in 9.2s
  Running TypeScript ...
  Finished TypeScript in 8.3s ...
  Collecting page data using 7 workers ...
  Generating static pages using 7 workers (0/26) ...
  Generating static pages using 7 workers (6/26) 
  Generating static pages using 7 workers (12/26) 
  Generating static pages using 7 workers (19/26) 
The width(-1) and height(-1) of chart should be greater than 0,
       please check the style of container, or the props width(100%) and height(100%),
       or add a minWidth(0) or minHeight(undefined) or use aspect(undefined) to control the
       height and width.
The width(-1) and height(-1) of chart should be greater than 0,
       please check the style of container, or the props width(100%) and height(100%),
       or add a minWidth(0) or minHeight(undefined) or use aspect(undefined) to control the
       height and width.
The width(-1) and height(-1) of chart should be greater than 0,
       please check the style of container, or the props width(100%) and height(100%),
       or add a minWidth(0) or minHeight(undefined) or use aspect(undefined) to control the
       height and width.
✓ Generating static pages using 7 workers (26/26) in 1717ms
  Finalizing page optimization ...

Route (app)
┌ ○ /
├ ○ /_not-found
├ ○ /dashboard
├ ○ /dashboard/ai-insights
├ ○ /dashboard/analytics
├ ○ /dashboard/billing
├ ○ /dashboard/inventory
├ ○ /dashboard/invoice
├ ○ /dashboard/kitchen
├ ○ /dashboard/menu
├ ○ /dashboard/notifications
├ ○ /dashboard/orders
├ ○ /dashboard/payments
├ ○ /dashboard/pos
├ ○ /dashboard/qr-tables
├ ○ /dashboard/reservations
├ ○ /dashboard/restaurants
├ ○ /dashboard/staff
├ ○ /dashboard/waiter
├ ○ /login
├ ○ /manifest.webmanifest
├ ○ /onboarding
├ ○ /qr-order
└ ○ /super-admin


○  (Static)  prerendered as static content

